// Jest Snapshot v1, https://goo.gl/fbAQLP

exports[`<Speak/> matches snapshot 1`] = `
<div>
  <button>
    SPEAK
  </button>
  <div />
</div>
`;
