// Jest Snapshot v1, https://goo.gl/fbAQLP

exports[`<App /> matches snapshot 1`] = `
<div
  className="App"
>
  <header
    className="App-header"
  >
    <img
      alt="logo"
      className="App-logo"
      src="logo.svg"
    />
    <p>
      Edit 
      <code>
        src/App.js
      </code>
       and manually reload.
    </p>
    <a
      className="App-link"
      href="https://reactjs.org"
      rel="noopener noreferrer"
      target="_blank"
    >
      Learn React
    </a>
    <div>
      <button
        onClick={[Function]}
      >
        SPEAK
      </button>
      <div>
        
      </div>
    </div>
  </header>
</div>
`;
